
> reservation-backend@1.0.0 build
> tsc

src/config/redis.ts(22,42): error TS6133: 'duration' is declared but its value is never read.
src/index.ts(3,1): error TS6192: All imports in import declaration are unused.
src/middleware/auth.ts(6,41): error TS6133: 'res' is declared but its value is never read.
src/routes/admin.ts(100,20): error TS2339: Property 'updatedAt' does not exist on type '{ reservationTables: { reservationId: string; tableId: string; layoutId: string; isPrimary: boolean; }[]; } & { startTime: Date; endTime: Date; id: string; shortId: string; clientName: string; ... 15 more ...; thankYouSent: boolean; }'.
src/routes/admin.ts(110,16): error TS2322: Type 'string | string[]' is not assignable to type 'string | undefined'.
  Type 'string[]' is not assignable to type 'string'.
src/routes/admin.ts(134,29): error TS2339: Property 'payments' does not exist on type '{ startTime: Date; endTime: Date; id: string; shortId: string; clientName: string; clientPhone: string; partySize: number; status: ReservationStatus; depositStatus: DepositStatus; ... 11 more ...; thankYouSent: boolean; }'.
src/routes/admin.ts(134,42): error TS7006: Parameter 'p' implicitly has an 'any' type.
src/routes/admin.ts(142,29): error TS2339: Property 'reservationTables' does not exist on type '{ startTime: Date; endTime: Date; id: string; shortId: string; clientName: string; clientPhone: string; partySize: number; status: ReservationStatus; depositStatus: DepositStatus; ... 11 more ...; thankYouSent: boolean; }'.
src/routes/admin.ts(142,52): error TS7006: Parameter 'rt' implicitly has an 'any' type.
src/routes/admin.ts(195,16): error TS2322: Type 'string | string[]' is not assignable to type 'string | undefined'.
  Type 'string[]' is not assignable to type 'string'.
src/routes/admin.ts(213,9): error TS2322: Type 'string | string[]' is not assignable to type 'string | undefined'.
  Type 'string[]' is not assignable to type 'string'.
src/routes/admin.ts(229,44): error TS2339: Property 'reservationTables' does not exist on type '{ startTime: Date; endTime: Date; id: string; shortId: string; clientName: string; clientPhone: string; partySize: number; status: ReservationStatus; depositStatus: DepositStatus; ... 11 more ...; thankYouSent: boolean; }'.
src/routes/admin.ts(229,67): error TS7006: Parameter 'rt' implicitly has an 'any' type.
src/routes/admin.ts(230,57): error TS2322: Type 'string | string[]' is not assignable to type 'string | StringFilter<"ReservationTable"> | undefined'.
  Type 'string[]' is not assignable to type 'string | StringFilter<"ReservationTable"> | undefined'.
src/routes/admin.ts(232,11): error TS2322: Type '{ reservationId: string | string[]; tableId: string; layoutId: string; isPrimary: boolean; }[]' is not assignable to type 'ReservationTableCreateManyInput | ReservationTableCreateManyInput[]'.
  Type '{ reservationId: string | string[]; tableId: string; layoutId: string; isPrimary: boolean; }[]' is not assignable to type 'ReservationTableCreateManyInput[]'.
    Type '{ reservationId: string | string[]; tableId: string; layoutId: string; isPrimary: boolean; }' is not assignable to type 'ReservationTableCreateManyInput'.
      Types of property 'reservationId' are incompatible.
        Type 'string | string[]' is not assignable to type 'string'.
          Type 'string[]' is not assignable to type 'string'.
src/routes/admin.ts(242,13): error TS2322: Type 'string | string[]' is not assignable to type 'string | null | undefined'.
  Type 'string[]' is not assignable to type 'string'.
src/routes/admin.ts(264,72): error TS2322: Type 'string | string[]' is not assignable to type 'string | undefined'.
  Type 'string[]' is not assignable to type 'string'.
src/routes/admin.ts(268,46): error TS2322: Type 'string | string[]' is not assignable to type 'string | undefined'.
  Type 'string[]' is not assignable to type 'string'.
src/routes/admin.ts(269,55): error TS2322: Type 'string | string[]' is not assignable to type 'string | StringFilter<"ReservationTable"> | undefined'.
  Type 'string[]' is not assignable to type 'string | StringFilter<"ReservationTable"> | undefined'.
src/routes/admin.ts(272,11): error TS2322: Type 'string | string[]' is not assignable to type 'string | null | undefined'.
  Type 'string[]' is not assignable to type 'string'.
src/routes/admin.ts(281,36): error TS2345: Argument of type 'string | string[]' is not assignable to parameter of type 'string'.
  Type 'string[]' is not assignable to type 'string'.
src/routes/admin.ts(291,16): error TS2322: Type 'string | string[]' is not assignable to type 'string | undefined'.
  Type 'string[]' is not assignable to type 'string'.
src/routes/admin.ts(299,46): error TS2322: Type 'string | string[]' is not assignable to type 'string | undefined'.
  Type 'string[]' is not assignable to type 'string'.
src/routes/admin.ts(302,11): error TS2322: Type 'string | string[]' is not assignable to type 'string | null | undefined'.
  Type 'string[]' is not assignable to type 'string'.
src/routes/admin.ts(316,29): error TS2339: Property 'reservationTables' does not exist on type '{ startTime: Date; endTime: Date; id: string; shortId: string; clientName: string; clientPhone: string; partySize: number; status: ReservationStatus; depositStatus: DepositStatus; ... 11 more ...; thankYouSent: boolean; }'.
src/routes/admin.ts(316,52): error TS7006: Parameter 'rt' implicitly has an 'any' type.
src/routes/admin.ts(433,9): error TS2322: Type 'string | string[]' is not assignable to type 'string | StringFilter<"ReservationTable"> | undefined'.
  Type 'string[]' is not assignable to type 'string | StringFilter<"ReservationTable"> | undefined'.
src/routes/admin.ts(445,37): error TS2551: Property 'reservation' does not exist on type '{ reservationId: string; tableId: string; layoutId: string; isPrimary: boolean; }'. Did you mean 'reservationId'?
src/routes/admin.ts(453,42): error TS2322: Type 'string | string[]' is not assignable to type 'string | null | undefined'.
  Type 'string[]' is not assignable to type 'string'.
src/routes/admin.ts(455,18): error TS2352: Conversion of type '{ status: string; endTime: Date; }' to type 'JsonObject' may be a mistake because neither type sufficiently overlaps with the other. If this was intentional, convert the expression to 'unknown' first.
  Property 'endTime' is incompatible with index signature.
    Type 'Date' is not comparable to type 'JsonValue | undefined'.
      Type 'Date' is not comparable to type 'JsonObject'.
        Index signature for type 'string' is missing in type 'Date'.
src/routes/admin.ts(470,46): error TS2345: Argument of type '(_req: Request, res: Response) => Promise<Response<any, Record<string, any>> | undefined>' is not assignable to parameter of type '(req: Request<ParamsDictionary, any, any, ParsedQs, Record<string, any>>, res: Response<any, Record<string, any>>, next: NextFunction) => Promise<...>'.
  Type 'Promise<Response<any, Record<string, any>> | undefined>' is not assignable to type 'Promise<void>'.
    Type 'Response<any, Record<string, any>> | undefined' is not assignable to type 'void'.
      Type 'Response<any, Record<string, any>>' is not assignable to type 'void'.
src/routes/admin.ts(470,46): error TS7030: Not all code paths return a value.
src/routes/auth.ts(53,6): error TS6133: 'req' is declared but its value is never read.
src/routes/layout.ts(10,25): error TS6133: 'req' is declared but its value is never read.
src/services/reassignment.ts(45,11): error TS6133: 'occupiedTableIds' is declared but its value is never read.
src/services/reassignment.ts(105,15): error TS6133: 'blockingReservationIdsVal' is declared but its value is never read.
src/services/reassignment.ts(124,15): error TS6133: 'simulatedFree' is declared but its value is never read.
src/services/tableAssignment/engine.test.ts(47,1): error TS2593: Cannot find name 'describe'. Do you need to install type definitions for a test runner? Try `npm i --save-dev @types/jest` or `npm i --save-dev @types/mocha` and then add 'jest' or 'mocha' to the types field in your tsconfig.
src/services/tableAssignment/engine.test.ts(48,5): error TS2593: Cannot find name 'it'. Do you need to install type definitions for a test runner? Try `npm i --save-dev @types/jest` or `npm i --save-dev @types/mocha` and then add 'jest' or 'mocha' to the types field in your tsconfig.
src/services/tableAssignment/engine.test.ts(50,9): error TS2304: Cannot find name 'expect'.
src/services/tableAssignment/engine.test.ts(51,9): error TS2304: Cannot find name 'expect'.
src/services/tableAssignment/engine.test.ts(55,9): error TS2304: Cannot find name 'expect'.
src/services/tableAssignment/engine.test.ts(58,5): error TS2593: Cannot find name 'it'. Do you need to install type definitions for a test runner? Try `npm i --save-dev @types/jest` or `npm i --save-dev @types/mocha` and then add 'jest' or 'mocha' to the types field in your tsconfig.
src/services/tableAssignment/engine.test.ts(63,9): error TS2304: Cannot find name 'expect'.
src/services/tableAssignment/engine.test.ts(66,5): error TS2593: Cannot find name 'it'. Do you need to install type definitions for a test runner? Try `npm i --save-dev @types/jest` or `npm i --save-dev @types/mocha` and then add 'jest' or 'mocha' to the types field in your tsconfig.
src/services/tableAssignment/engine.test.ts(71,9): error TS2304: Cannot find name 'expect'.
src/services/tableAssignment/engine.test.ts(74,5): error TS2593: Cannot find name 'it'. Do you need to install type definitions for a test runner? Try `npm i --save-dev @types/jest` or `npm i --save-dev @types/mocha` and then add 'jest' or 'mocha' to the types field in your tsconfig.
src/services/tableAssignment/engine.test.ts(89,9): error TS2304: Cannot find name 'expect'.
src/services/tableAssignment/engine.test.ts(90,9): error TS2304: Cannot find name 'expect'.
src/services/tableAssignment/engine.test.ts(93,5): error TS2593: Cannot find name 'it'. Do you need to install type definitions for a test runner? Try `npm i --save-dev @types/jest` or `npm i --save-dev @types/mocha` and then add 'jest' or 'mocha' to the types field in your tsconfig.
src/services/tableAssignment/engine.test.ts(98,9): error TS2304: Cannot find name 'expect'.
src/services/tableAssignment/engine.test.ts(101,5): error TS2593: Cannot find name 'it'. Do you need to install type definitions for a test runner? Try `npm i --save-dev @types/jest` or `npm i --save-dev @types/mocha` and then add 'jest' or 'mocha' to the types field in your tsconfig.
src/services/tableAssignment/engine.test.ts(107,9): error TS2304: Cannot find name 'expect'.
src/services/tableAssignment/engine.test.ts(110,5): error TS2593: Cannot find name 'it'. Do you need to install type definitions for a test runner? Try `npm i --save-dev @types/jest` or `npm i --save-dev @types/mocha` and then add 'jest' or 'mocha' to the types field in your tsconfig.
src/services/tableAssignment/engine.test.ts(113,9): error TS2304: Cannot find name 'expect'.
src/services/tableAssignment/engine.test.ts(116,5): error TS2593: Cannot find name 'it'. Do you need to install type definitions for a test runner? Try `npm i --save-dev @types/jest` or `npm i --save-dev @types/mocha` and then add 'jest' or 'mocha' to the types field in your tsconfig.
src/services/tableAssignment/engine.test.ts(123,9): error TS2304: Cannot find name 'expect'.
src/services/tableAssignment/party-size.test.ts(30,1): error TS2593: Cannot find name 'describe'. Do you need to install type definitions for a test runner? Try `npm i --save-dev @types/jest` or `npm i --save-dev @types/mocha` and then add 'jest' or 'mocha' to the types field in your tsconfig.
src/services/tableAssignment/party-size.test.ts(31,5): error TS2593: Cannot find name 'it'. Do you need to install type definitions for a test runner? Try `npm i --save-dev @types/jest` or `npm i --save-dev @types/mocha` and then add 'jest' or 'mocha' to the types field in your tsconfig.
src/services/tableAssignment/party-size.test.ts(32,9): error TS2304: Cannot find name 'expect'.
src/services/tableAssignment/party-size.test.ts(33,9): error TS2304: Cannot find name 'expect'.
src/services/tableAssignment/party-size.test.ts(34,9): error TS2304: Cannot find name 'expect'.
src/services/tableAssignment/party-size.test.ts(35,9): error TS2304: Cannot find name 'expect'.
src/services/tableAssignment/party-size.test.ts(36,9): error TS2304: Cannot find name 'expect'.
src/services/tableAssignment/party-size.test.ts(37,9): error TS2304: Cannot find name 'expect'.
src/services/tableAssignment/party-size.test.ts(40,5): error TS2593: Cannot find name 'it'. Do you need to install type definitions for a test runner? Try `npm i --save-dev @types/jest` or `npm i --save-dev @types/mocha` and then add 'jest' or 'mocha' to the types field in your tsconfig.
src/services/tableAssignment/party-size.test.ts(42,9): error TS2304: Cannot find name 'expect'.
src/services/tableAssignment/party-size.test.ts(45,9): error TS2304: Cannot find name 'expect'.
src/services/tableAssignment/party-size.test.ts(48,9): error TS2304: Cannot find name 'expect'.
src/services/tableAssignment/party-size.test.ts(51,9): error TS2304: Cannot find name 'expect'.
src/services/tableAssignment/party-size.test.ts(54,9): error TS2304: Cannot find name 'expect'.
src/services/tableAssignment/party-size.test.ts(57,9): error TS2304: Cannot find name 'expect'.
src/services/tableAssignment/party-size.test.ts(60,5): error TS2593: Cannot find name 'it'. Do you need to install type definitions for a test runner? Try `npm i --save-dev @types/jest` or `npm i --save-dev @types/mocha` and then add 'jest' or 'mocha' to the types field in your tsconfig.
src/services/tableAssignment/party-size.test.ts(64,9): error TS2304: Cannot find name 'expect'.
src/services/tableAssignment/party-size.test.ts(65,9): error TS2304: Cannot find name 'expect'.
src/services/tableAssignment/party-size.test.ts(66,9): error TS2304: Cannot find name 'expect'.
src/services/tableAssignment/party-size.test.ts(69,5): error TS2593: Cannot find name 'it'. Do you need to install type definitions for a test runner? Try `npm i --save-dev @types/jest` or `npm i --save-dev @types/mocha` and then add 'jest' or 'mocha' to the types field in your tsconfig.
src/services/tableAssignment/party-size.test.ts(73,9): error TS2304: Cannot find name 'expect'.
src/services/tableAssignment/party-size.test.ts(76,5): error TS2593: Cannot find name 'it'. Do you need to install type definitions for a test runner? Try `npm i --save-dev @types/jest` or `npm i --save-dev @types/mocha` and then add 'jest' or 'mocha' to the types field in your tsconfig.
src/services/tableAssignment/party-size.test.ts(87,9): error TS2304: Cannot find name 'expect'.
src/services/tableAssignment/party-size.test.ts(88,9): error TS2304: Cannot find name 'expect'.
src/services/tableAssignment/party-size.test.ts(91,5): error TS2593: Cannot find name 'it'. Do you need to install type definitions for a test runner? Try `npm i --save-dev @types/jest` or `npm i --save-dev @types/mocha` and then add 'jest' or 'mocha' to the types field in your tsconfig.
src/services/tableAssignment/party-size.test.ts(95,9): error TS2304: Cannot find name 'expect'.
src/services/tableAssignment/party-size.test.ts(96,9): error TS2304: Cannot find name 'expect'.
src/utils/time.ts(4,1): error TS6133: 'env' is declared but its value is never read.
