node_modules/@types/request/index.d.ts(389,84): error TS2724: '"C:/Users/shahb/myApplications/reservation/node_modules/tough-cookie/dist/cookie/index"' has no exported member named 'CookieJar'. Did you mean 'Cookie'?
node_modules/pino/pino.d.ts(20,8): error TS1259: Module '"C:/Users/shahb/myApplications/reservation/node_modules/thread-stream/index"' can only be default-imported using the 'esModuleInterop' flag
src/config/env.ts(1,8): error TS1192: Module '"C:/Users/shahb/myApplications/reservation/node_modules/dotenv/lib/main"' has no default export.
src/config/logger.ts(1,8): error TS1259: Module '"C:/Users/shahb/myApplications/reservation/node_modules/pino/pino"' can only be default-imported using the 'esModuleInterop' flag
src/config/mail.ts(1,8): error TS1192: Module '"C:/Users/shahb/myApplications/reservation/node_modules/@types/nodemailer/index"' has no default export.
src/middleware/auth.ts(2,8): error TS1192: Module '"C:/Users/shahb/myApplications/reservation/node_modules/@types/jsonwebtoken/index"' has no default export.
src/routes/admin.ts(107,16): error TS2322: Type 'string | string[]' is not assignable to type 'string'.
  Type 'string[]' is not assignable to type 'string'.
src/routes/admin.ts(129,29): error TS2339: Property 'payments' does not exist on type '{ endTime: Date; startTime: Date; id: string; source: ReservationSource; status: ReservationStatus; shortId: string; clientName: string; ... 13 more ...; thankYouSent: boolean; }'.
src/routes/admin.ts(130,29): error TS2339: Property 'reservationTables' does not exist on type '{ endTime: Date; startTime: Date; id: string; source: ReservationSource; status: ReservationStatus; shortId: string; clientName: string; ... 13 more ...; thankYouSent: boolean; }'.
src/routes/admin.ts(153,63): error TS2345: Argument of type '{ startTime: Date; bypassDeposit: true; source: any; clientName?: string; clientPhone?: string; partySize?: number; internalNotes?: string; customerNotes?: string; clientEmail?: string; }' is not assignable to parameter of type 'CreateReservationOptions'.
  Property 'clientName' is optional in type '{ startTime: Date; bypassDeposit: true; source: any; clientName?: string; clientPhone?: string; partySize?: number; internalNotes?: string; customerNotes?: string; clientEmail?: string; }' but required in type 'CreateReservationOptions'.
src/routes/admin.ts(176,16): error TS2322: Type 'string | string[]' is not assignable to type 'string'.
  Type 'string[]' is not assignable to type 'string'.
src/routes/admin.ts(194,9): error TS2322: Type 'string | string[]' is not assignable to type 'string'.
  Type 'string[]' is not assignable to type 'string'.
src/routes/admin.ts(210,44): error TS2339: Property 'reservationTables' does not exist on type '{ endTime: Date; startTime: Date; id: string; source: ReservationSource; status: ReservationStatus; shortId: string; clientName: string; ... 13 more ...; thankYouSent: boolean; }'.
src/routes/admin.ts(211,57): error TS2322: Type 'string | string[]' is not assignable to type 'string | StringFilter<"ReservationTable">'.
  Type 'string[]' is not assignable to type 'string | StringFilter<"ReservationTable">'.
src/routes/admin.ts(213,11): error TS2322: Type '{ reservationId: string | string[]; tableId: string; layoutId: string; isPrimary: boolean; }[]' is not assignable to type 'ReservationTableCreateManyInput | ReservationTableCreateManyInput[]'.
  Type '{ reservationId: string | string[]; tableId: string; layoutId: string; isPrimary: boolean; }[]' is not assignable to type 'ReservationTableCreateManyInput[]'.
    Type '{ reservationId: string | string[]; tableId: string; layoutId: string; isPrimary: boolean; }' is not assignable to type 'ReservationTableCreateManyInput'.
      Types of property 'reservationId' are incompatible.
        Type 'string | string[]' is not assignable to type 'string'.
          Type 'string[]' is not assignable to type 'string'.
src/routes/admin.ts(223,13): error TS2322: Type 'string | string[]' is not assignable to type 'string'.
  Type 'string[]' is not assignable to type 'string'.
src/routes/admin.ts(245,72): error TS2322: Type 'string | string[]' is not assignable to type 'string'.
  Type 'string[]' is not assignable to type 'string'.
src/routes/admin.ts(249,46): error TS2322: Type 'string | string[]' is not assignable to type 'string'.
  Type 'string[]' is not assignable to type 'string'.
src/routes/admin.ts(250,55): error TS2322: Type 'string | string[]' is not assignable to type 'string | StringFilter<"ReservationTable">'.
  Type 'string[]' is not assignable to type 'string | StringFilter<"ReservationTable">'.
src/routes/admin.ts(253,11): error TS2322: Type 'string | string[]' is not assignable to type 'string'.
  Type 'string[]' is not assignable to type 'string'.
src/routes/admin.ts(262,36): error TS2345: Argument of type 'string | string[]' is not assignable to parameter of type 'string'.
  Type 'string[]' is not assignable to type 'string'.
src/routes/admin.ts(272,16): error TS2322: Type 'string | string[]' is not assignable to type 'string'.
  Type 'string[]' is not assignable to type 'string'.
src/routes/admin.ts(280,46): error TS2322: Type 'string | string[]' is not assignable to type 'string'.
  Type 'string[]' is not assignable to type 'string'.
src/routes/admin.ts(283,11): error TS2322: Type 'string | string[]' is not assignable to type 'string'.
  Type 'string[]' is not assignable to type 'string'.
src/routes/admin.ts(297,29): error TS2339: Property 'reservationTables' does not exist on type '{ endTime: Date; startTime: Date; id: string; source: ReservationSource; status: ReservationStatus; shortId: string; clientName: string; ... 13 more ...; thankYouSent: boolean; }'.
src/routes/admin.ts(403,9): error TS2322: Type 'string | string[]' is not assignable to type 'string | StringFilter<"ReservationTable">'.
  Type 'string[]' is not assignable to type 'string | StringFilter<"ReservationTable">'.
src/routes/admin.ts(415,37): error TS2551: Property 'reservation' does not exist on type '{ isPrimary: boolean; layoutId: string; reservationId: string; tableId: string; }'. Did you mean 'reservationId'?
src/routes/admin.ts(423,42): error TS2322: Type 'string | string[]' is not assignable to type 'string'.
  Type 'string[]' is not assignable to type 'string'.
src/routes/admin.ts(425,18): error TS2352: Conversion of type '{ status: string; endTime: Date; }' to type 'JsonObject' may be a mistake because neither type sufficiently overlaps with the other. If this was intentional, convert the expression to 'unknown' first.
  Property 'endTime' is incompatible with index signature.
    Type 'Date' is not comparable to type 'JsonValue'.
      Type 'Date' is not comparable to type 'JsonObject'.
        Index signature for type 'string' is missing in type 'Date'.
src/routes/admin.ts(440,46): error TS2345: Argument of type '(_req: Request, res: Response) => Promise<Response<any, Record<string, any>>>' is not assignable to parameter of type '(req: Request<ParamsDictionary, any, any, ParsedQs, Record<string, any>>, res: Response<any, Record<string, any>>, next: NextFunction) => Promise<...>'.
  Type 'Promise<Response<any, Record<string, any>>>' is not assignable to type 'Promise<void>'.
    Type 'Response<any, Record<string, any>>' is not assignable to type 'void'.
src/services/availability.ts(26,30): error TS2802: Type 'Set<string>' can only be iterated through when using the '--downlevelIteration' flag or with a '--target' of 'es2015' or higher.
src/services/email.ts(4,8): error TS1259: Module '"C:/Users/shahb/myApplications/reservation/node_modules/pino/pino"' can only be default-imported using the 'esModuleInterop' flag
src/services/reassignment.ts(110,37): error TS2802: Type 'MapIterator<[string, { reservation: { endTime: Date; startTime: Date; id: string; source: ReservationSource; status: ReservationStatus; shortId: string; ... 14 more ...; thankYouSent: boolean; }; tableIds: string[]; }]>' can only be iterated through when using the '--downlevelIteration' flag or with a '--target' of 'es2015' or higher.
src/services/reassignment.ts(126,29): error TS2802: Type 'Set<string>' can only be iterated through when using the '--downlevelIteration' flag or with a '--target' of 'es2015' or higher.
src/services/stripe.ts(3,8): error TS1259: Module '"C:/Users/shahb/myApplications/reservation/node_modules/pino/pino"' can only be default-imported using the 'esModuleInterop' flag
src/utils/time.ts(1,8): error TS1259: Module '"C:/Users/shahb/myApplications/reservation/node_modules/dayjs/index"' can only be default-imported using the 'esModuleInterop' flag
src/utils/time.ts(2,8): error TS1259: Module '"C:/Users/shahb/myApplications/reservation/node_modules/dayjs/plugin/utc"' can only be default-imported using the 'esModuleInterop' flag
src/utils/time.ts(3,8): error TS1259: Module '"C:/Users/shahb/myApplications/reservation/node_modules/dayjs/plugin/timezone"' can only be default-imported using the 'esModuleInterop' flag
